2026-05-01 10:29:49: [ERROR] Telegram Polling Error: ETELEGRAM: 409 Conflict: terminated by other getUpdates request; make sure that only one bot instance is running
2026-05-01 10:29:52: [ERROR] Telegram Polling Error: ETELEGRAM: 409 Conflict: terminated by other getUpdates request; make sure that only one bot instance is running
2026-05-01 10:29:52: [ERROR] Telegram Polling Error: ETELEGRAM: 409 Conflict: terminated by other getUpdates request; make sure that only one bot instance is running
2026-05-01 10:29:52: [ERROR] Telegram Polling Error: ETELEGRAM: 409 Conflict: terminated by other getUpdates request; make sure that only one bot instance is running
2026-05-01 10:29:52: [ERROR] Telegram Polling Error: ETELEGRAM: 409 Conflict: terminated by other getUpdates request; make sure that only one bot instance is running
2026-05-01 10:29:53: [ERROR] Telegram Polling Error: ETELEGRAM: 409 Conflict: terminated by other getUpdates request; make sure that only one bot instance is running
2026-05-01 10:29:53: [ERROR] Telegram Polling Error: ETELEGRAM: 409 Conflict: terminated by other getUpdates request; make sure that only one bot instance is running
2026-05-01 10:29:53: [ERROR] Telegram Polling Error: ETELEGRAM: 409 Conflict: terminated by other getUpdates request; make sure that only one bot instance is running
2026-05-01 10:29:53: [ERROR] Telegram Polling Error: ETELEGRAM: 409 Conflict: terminated by other getUpdates request; make sure that only one bot instance is running
2026-05-01 10:29:54: [ERROR] Telegram Polling Error: ETELEGRAM: 409 Conflict: terminated by other getUpdates request; make sure that only one bot instance is running
2026-05-01 10:29:56: [ERROR] Telegram Polling Error: ETELEGRAM: 409 Conflict: terminated by other getUpdates request; make sure that only one bot instance is running
2026-05-01 10:30:00: [ERROR] Telegram Polling Error: ETELEGRAM: 409 Conflict: terminated by other getUpdates request; make sure that only one bot instance is running
2026-05-01 10:30:00: [ERROR] Telegram Polling Error: ETELEGRAM: 409 Conflict: terminated by other getUpdates request; make sure that only one bot instance is running
2026-05-01 10:30:00: [ERROR] Telegram Polling Error: ETELEGRAM: 409 Conflict: terminated by other getUpdates request; make sure that only one bot instance is running
2026-05-01 10:30:00: [ERROR] Telegram Polling Error: ETELEGRAM: 409 Conflict: terminated by other getUpdates request; make sure that only one bot instance is running
2026-05-01 10:30:00: [ERROR] Telegram Polling Error: ETELEGRAM: 409 Conflict: terminated by other getUpdates request; make sure that only one bot instance is running
2026-05-01 10:30:00: [ERROR] Telegram Polling Error: ETELEGRAM: 409 Conflict: terminated by other getUpdates request; make sure that only one bot instance is running
2026-05-01 10:30:00: [ERROR] Telegram Polling Error: ETELEGRAM: 409 Conflict: terminated by other getUpdates request; make sure that only one bot instance is running
2026-05-01 10:30:01: [ERROR] Telegram Polling Error: ETELEGRAM: 409 Conflict: terminated by other getUpdates request; make sure that only one bot instance is running
2026-05-01 10:30:01: [ERROR] Telegram Polling Error: ETELEGRAM: 409 Conflict: terminated by other getUpdates request; make sure that only one bot instance is running
2026-05-01 10:30:04: [ERROR] Telegram Polling Error: ETELEGRAM: 409 Conflict: terminated by other getUpdates request; make sure that only one bot instance is running
2026-05-01 10:30:07: [ERROR] Telegram Polling Error: ETELEGRAM: 409 Conflict: terminated by other getUpdates request; make sure that only one bot instance is running
2026-05-01 10:30:08: [ERROR] Telegram Polling Error: ETELEGRAM: 409 Conflict: terminated by other getUpdates request; make sure that only one bot instance is running
2026-05-01 10:30:08: [ERROR] Telegram Polling Error: ETELEGRAM: 409 Conflict: terminated by other getUpdates request; make sure that only one bot instance is running
2026-05-01 10:30:08: [ERROR] Telegram Polling Error: ETELEGRAM: 409 Conflict: terminated by other getUpdates request; make sure that only one bot instance is running
2026-05-01 10:30:08: [ERROR] Telegram Polling Error: ETELEGRAM: 409 Conflict: terminated by other getUpdates request; make sure that only one bot instance is running
2026-05-01 10:30:08: [ERROR] Telegram Polling Error: ETELEGRAM: 409 Conflict: terminated by other getUpdates request; make sure that only one bot instance is running
2026-05-01 10:30:08: [ERROR] Telegram Polling Error: ETELEGRAM: 409 Conflict: terminated by other getUpdates request; make sure that only one bot instance is running
2026-05-01 10:30:08: [ERROR] Telegram Polling Error: ETELEGRAM: 409 Conflict: terminated by other getUpdates request; make sure that only one bot instance is running
2026-05-01 10:30:08: [ERROR] Telegram Polling Error: ETELEGRAM: 409 Conflict: terminated by other getUpdates request; make sure that only one bot instance is running
2026-05-01 10:30:11: [ERROR] Telegram Polling Error: ETELEGRAM: 409 Conflict: terminated by other getUpdates request; make sure that only one bot instance is running
2026-05-01 10:30:15: [ERROR] Telegram Polling Error: ETELEGRAM: 409 Conflict: terminated by other getUpdates request; make sure that only one bot instance is running
2026-05-01 10:30:15: [ERROR] Telegram Polling Error: ETELEGRAM: 409 Conflict: terminated by other getUpdates request; make sure that only one bot instance is running
2026-05-01 10:30:15: [ERROR] Telegram Polling Error: ETELEGRAM: 409 Conflict: terminated by other getUpdates request; make sure that only one bot instance is running
2026-05-01 10:30:15: [ERROR] Telegram Polling Error: ETELEGRAM: 409 Conflict: terminated by other getUpdates request; make sure that only one bot instance is running
2026-05-01 10:30:15: [ERROR] Telegram Polling Error: ETELEGRAM: 409 Conflict: terminated by other getUpdates request; make sure that only one bot instance is running
2026-05-01 10:30:15: [ERROR] Telegram Polling Error: ETELEGRAM: 409 Conflict: terminated by other getUpdates request; make sure that only one bot instance is running
2026-05-01 10:30:15: [ERROR] Telegram Polling Error: ETELEGRAM: 409 Conflict: terminated by other getUpdates request; make sure that only one bot instance is running
2026-05-01 10:30:15: [ERROR] Telegram Polling Error: ETELEGRAM: 409 Conflict: terminated by other getUpdates request; make sure that only one bot instance is running
2026-05-01 10:30:16: [ERROR] Telegram Polling Error: ETELEGRAM: 409 Conflict: terminated by other getUpdates request; make sure that only one bot instance is running
2026-05-01 10:30:19: [ERROR] Telegram Polling Error: ETELEGRAM: 409 Conflict: terminated by other getUpdates request; make sure that only one bot instance is running
2026-05-01 10:30:22: [ERROR] Telegram Polling Error: ETELEGRAM: 409 Conflict: terminated by other getUpdates request; make sure that only one bot instance is running
2026-05-01 10:30:22: [ERROR] Telegram Polling Error: ETELEGRAM: 409 Conflict: terminated by other getUpdates request; make sure that only one bot instance is running
2026-05-01 10:30:23: [ERROR] Telegram Polling Error: ETELEGRAM: 409 Conflict: terminated by other getUpdates request; make sure that only one bot instance is running
2026-05-01 10:30:23: [ERROR] Telegram Polling Error: ETELEGRAM: 409 Conflict: terminated by other getUpdates request; make sure that only one bot instance is running
2026-05-01 10:30:23: [ERROR] Telegram Polling Error: ETELEGRAM: 409 Conflict: terminated by other getUpdates request; make sure that only one bot instance is running
2026-05-01 10:30:23: [ERROR] Telegram Polling Error: ETELEGRAM: 409 Conflict: terminated by other getUpdates request; make sure that only one bot instance is running
2026-05-01 10:30:23: [ERROR] Telegram Polling Error: ETELEGRAM: 409 Conflict: terminated by other getUpdates request; make sure that only one bot instance is running
2026-05-01 10:30:23: [ERROR] Telegram Polling Error: ETELEGRAM: 409 Conflict: terminated by other getUpdates request; make sure that only one bot instance is running
2026-05-01 10:30:23: [ERROR] Telegram Polling Error: ETELEGRAM: 409 Conflict: terminated by other getUpdates request; make sure that only one bot instance is running
2026-05-01 10:30:26: [ERROR] Telegram Polling Error: ETELEGRAM: 409 Conflict: terminated by other getUpdates request; make sure that only one bot instance is running
2026-05-01 10:30:30: [ERROR] Telegram Polling Error: ETELEGRAM: 409 Conflict: terminated by other getUpdates request; make sure that only one bot instance is running
2026-05-01 10:30:30: [ERROR] Telegram Polling Error: ETELEGRAM: 409 Conflict: terminated by other getUpdates request; make sure that only one bot instance is running
2026-05-01 10:30:30: [ERROR] Telegram Polling Error: ETELEGRAM: 409 Conflict: terminated by other getUpdates request; make sure that only one bot instance is running
2026-05-01 10:30:30: [ERROR] Telegram Polling Error: ETELEGRAM: 409 Conflict: terminated by other getUpdates request; make sure that only one bot instance is running
2026-05-01 10:30:30: [ERROR] Telegram Polling Error: ETELEGRAM: 409 Conflict: terminated by other getUpdates request; make sure that only one bot instance is running
2026-05-01 10:30:30: [ERROR] Telegram Polling Error: ETELEGRAM: 409 Conflict: terminated by other getUpdates request; make sure that only one bot instance is running
2026-05-01 10:30:30: [ERROR] Telegram Polling Error: ETELEGRAM: 409 Conflict: terminated by other getUpdates request; make sure that only one bot instance is running
2026-05-01 10:30:31: [ERROR] Telegram Polling Error: ETELEGRAM: 409 Conflict: terminated by other getUpdates request; make sure that only one bot instance is running
2026-05-01 10:30:31: [ERROR] Telegram Polling Error: ETELEGRAM: 409 Conflict: terminated by other getUpdates request; make sure that only one bot instance is running
2026-05-01 10:30:34: [ERROR] Telegram Polling Error: ETELEGRAM: 409 Conflict: terminated by other getUpdates request; make sure that only one bot instance is running
2026-05-01 10:30:37: [ERROR] Telegram Polling Error: ETELEGRAM: 409 Conflict: terminated by other getUpdates request; make sure that only one bot instance is running
2026-05-01 10:30:37: [ERROR] Telegram Polling Error: ETELEGRAM: 409 Conflict: terminated by other getUpdates request; make sure that only one bot instance is running
2026-05-01 10:30:37: [ERROR] Telegram Polling Error: ETELEGRAM: 409 Conflict: terminated by other getUpdates request; make sure that only one bot instance is running
2026-05-01 10:30:38: [ERROR] Telegram Polling Error: ETELEGRAM: 409 Conflict: terminated by other getUpdates request; make sure that only one bot instance is running
2026-05-01 10:30:38: [ERROR] Telegram Polling Error: ETELEGRAM: 409 Conflict: terminated by other getUpdates request; make sure that only one bot instance is running
2026-05-01 10:30:38: [ERROR] Telegram Polling Error: ETELEGRAM: 409 Conflict: terminated by other getUpdates request; make sure that only one bot instance is running
2026-05-01 10:30:38: [ERROR] Telegram Polling Error: ETELEGRAM: 409 Conflict: terminated by other getUpdates request; make sure that only one bot instance is running
2026-05-01 10:30:38: [ERROR] Telegram Polling Error: ETELEGRAM: 409 Conflict: terminated by other getUpdates request; make sure that only one bot instance is running
2026-05-01 10:30:38: [ERROR] Telegram Polling Error: ETELEGRAM: 409 Conflict: terminated by other getUpdates request; make sure that only one bot instance is running
2026-05-01 10:30:41: [ERROR] Telegram Polling Error: ETELEGRAM: 409 Conflict: terminated by other getUpdates request; make sure that only one bot instance is running
2026-05-01 10:30:45: [ERROR] Telegram Polling Error: ETELEGRAM: 409 Conflict: terminated by other getUpdates request; make sure that only one bot instance is running
2026-05-01 10:30:45: [ERROR] Telegram Polling Error: ETELEGRAM: 409 Conflict: terminated by other getUpdates request; make sure that only one bot instance is running
2026-05-01 10:30:45: [ERROR] Telegram Polling Error: ETELEGRAM: 409 Conflict: terminated by other getUpdates request; make sure that only one bot instance is running
2026-05-01 10:30:45: [ERROR] Telegram Polling Error: ETELEGRAM: 409 Conflict: terminated by other getUpdates request; make sure that only one bot instance is running
2026-05-01 10:30:45: [ERROR] Telegram Polling Error: ETELEGRAM: 409 Conflict: terminated by other getUpdates request; make sure that only one bot instance is running
2026-05-01 10:30:45: [ERROR] Telegram Polling Error: ETELEGRAM: 409 Conflict: terminated by other getUpdates request; make sure that only one bot instance is running
2026-05-01 10:30:45: [ERROR] Telegram Polling Error: ETELEGRAM: 409 Conflict: terminated by other getUpdates request; make sure that only one bot instance is running
2026-05-01 10:30:46: [ERROR] Telegram Polling Error: ETELEGRAM: 409 Conflict: terminated by other getUpdates request; make sure that only one bot instance is running
2026-05-01 10:30:46: [ERROR] Telegram Polling Error: ETELEGRAM: 409 Conflict: terminated by other getUpdates request; make sure that only one bot instance is running
2026-05-01 10:30:49: [ERROR] Telegram Polling Error: ETELEGRAM: 409 Conflict: terminated by other getUpdates request; make sure that only one bot instance is running
2026-05-01 10:30:52: [ERROR] Telegram Polling Error: ETELEGRAM: 409 Conflict: terminated by other getUpdates request; make sure that only one bot instance is running
2026-05-01 10:30:52: [ERROR] Telegram Polling Error: ETELEGRAM: 409 Conflict: terminated by other getUpdates request; make sure that only one bot instance is running
2026-05-01 10:30:53: [ERROR] Telegram Polling Error: ETELEGRAM: 409 Conflict: terminated by other getUpdates request; make sure that only one bot instance is running
2026-05-01 10:30:53: [ERROR] Telegram Polling Error: ETELEGRAM: 409 Conflict: terminated by other getUpdates request; make sure that only one bot instance is running
2026-05-01 10:30:53: [ERROR] Telegram Polling Error: ETELEGRAM: 409 Conflict: terminated by other getUpdates request; make sure that only one bot instance is running
2026-05-01 10:30:53: [ERROR] Telegram Polling Error: ETELEGRAM: 409 Conflict: terminated by other getUpdates request; make sure that only one bot instance is running
2026-05-01 10:30:53: [ERROR] Telegram Polling Error: ETELEGRAM: 409 Conflict: terminated by other getUpdates request; make sure that only one bot instance is running
2026-05-01 10:30:53: [ERROR] Telegram Polling Error: ETELEGRAM: 409 Conflict: terminated by other getUpdates request; make sure that only one bot instance is running
2026-05-01 10:30:53: [ERROR] Telegram Polling Error: ETELEGRAM: 409 Conflict: terminated by other getUpdates request; make sure that only one bot instance is running
2026-05-01 10:30:56: [ERROR] Telegram Polling Error: ETELEGRAM: 409 Conflict: terminated by other getUpdates request; make sure that only one bot instance is running
2026-05-01 10:31:00: [ERROR] Telegram Polling Error: ETELEGRAM: 409 Conflict: terminated by other getUpdates request; make sure that only one bot instance is running
2026-05-01 10:31:00: [ERROR] Telegram Polling Error: ETELEGRAM: 409 Conflict: terminated by other getUpdates request; make sure that only one bot instance is running
2026-05-01 10:31:00: [ERROR] Telegram Polling Error: ETELEGRAM: 409 Conflict: terminated by other getUpdates request; make sure that only one bot instance is running
2026-05-01 10:31:00: [ERROR] Telegram Polling Error: ETELEGRAM: 409 Conflict: terminated by other getUpdates request; make sure that only one bot instance is running
2026-05-01 10:31:00: [ERROR] Telegram Polling Error: ETELEGRAM: 409 Conflict: terminated by other getUpdates request; make sure that only one bot instance is running
2026-05-01 10:31:00: [ERROR] Telegram Polling Error: ETELEGRAM: 409 Conflict: terminated by other getUpdates request; make sure that only one bot instance is running
2026-05-01 10:31:00: [ERROR] Telegram Polling Error: ETELEGRAM: 409 Conflict: terminated by other getUpdates request; make sure that only one bot instance is running
2026-05-01 10:31:01: [ERROR] Telegram Polling Error: ETELEGRAM: 409 Conflict: terminated by other getUpdates request; make sure that only one bot instance is running
2026-05-01 10:31:01: [ERROR] Telegram Polling Error: ETELEGRAM: 409 Conflict: terminated by other getUpdates request; make sure that only one bot instance is running
2026-05-01 10:31:03: [ERROR] Telegram Polling Error: ETELEGRAM: 409 Conflict: terminated by other getUpdates request; make sure that only one bot instance is running
2026-05-01 10:31:07: [ERROR] Telegram Polling Error: ETELEGRAM: 409 Conflict: terminated by other getUpdates request; make sure that only one bot instance is running
2026-05-01 10:31:07: [ERROR] Telegram Polling Error: ETELEGRAM: 409 Conflict: terminated by other getUpdates request; make sure that only one bot instance is running
2026-05-01 10:31:07: [ERROR] Telegram Polling Error: ETELEGRAM: 409 Conflict: terminated by other getUpdates request; make sure that only one bot instance is running
2026-05-01 10:31:07: [ERROR] Telegram Polling Error: ETELEGRAM: 409 Conflict: terminated by other getUpdates request; make sure that only one bot instance is running
2026-05-01 10:31:08: [ERROR] Telegram Polling Error: ETELEGRAM: 409 Conflict: terminated by other getUpdates request; make sure that only one bot instance is running
2026-05-01 10:31:08: [ERROR] Telegram Polling Error: ETELEGRAM: 409 Conflict: terminated by other getUpdates request; make sure that only one bot instance is running
2026-05-01 10:31:08: [ERROR] Telegram Polling Error: ETELEGRAM: 409 Conflict: terminated by other getUpdates request; make sure that only one bot instance is running
2026-05-01 10:31:08: [ERROR] Telegram Polling Error: ETELEGRAM: 409 Conflict: terminated by other getUpdates request; make sure that only one bot instance is running
2026-05-01 10:31:08: [ERROR] Telegram Polling Error: ETELEGRAM: 409 Conflict: terminated by other getUpdates request; make sure that only one bot instance is running
2026-05-01 10:31:11: [ERROR] Telegram Polling Error: ETELEGRAM: 409 Conflict: terminated by other getUpdates request; make sure that only one bot instance is running
2026-05-01 10:31:15: [ERROR] Telegram Polling Error: ETELEGRAM: 409 Conflict: terminated by other getUpdates request; make sure that only one bot instance is running
2026-05-01 10:31:15: [ERROR] Telegram Polling Error: ETELEGRAM: 409 Conflict: terminated by other getUpdates request; make sure that only one bot instance is running
2026-05-01 10:31:15: [ERROR] Telegram Polling Error: ETELEGRAM: 409 Conflict: terminated by other getUpdates request; make sure that only one bot instance is running
2026-05-01 10:31:15: [ERROR] Telegram Polling Error: ETELEGRAM: 409 Conflict: terminated by other getUpdates request; make sure that only one bot instance is running
2026-05-01 10:31:15: [ERROR] Telegram Polling Error: ETELEGRAM: 409 Conflict: terminated by other getUpdates request; make sure that only one bot instance is running
2026-05-01 10:31:15: [ERROR] Telegram Polling Error: ETELEGRAM: 409 Conflict: terminated by other getUpdates request; make sure that only one bot instance is running
2026-05-01 10:31:15: [ERROR] Telegram Polling Error: ETELEGRAM: 409 Conflict: terminated by other getUpdates request; make sure that only one bot instance is running
2026-05-01 10:31:15: [ERROR] Telegram Polling Error: ETELEGRAM: 409 Conflict: terminated by other getUpdates request; make sure that only one bot instance is running
2026-05-01 10:31:15: [ERROR] Telegram Polling Error: ETELEGRAM: 409 Conflict: terminated by other getUpdates request; make sure that only one bot instance is running
2026-05-01 10:31:19: [ERROR] Telegram Polling Error: ETELEGRAM: 409 Conflict: terminated by other getUpdates request; make sure that only one bot instance is running
2026-05-01 10:31:22: [ERROR] Telegram Polling Error: ETELEGRAM: 409 Conflict: terminated by other getUpdates request; make sure that only one bot instance is running
2026-05-01 10:31:22: [ERROR] Telegram Polling Error: ETELEGRAM: 409 Conflict: terminated by other getUpdates request; make sure that only one bot instance is running
2026-05-01 10:31:22: [ERROR] Telegram Polling Error: ETELEGRAM: 409 Conflict: terminated by other getUpdates request; make sure that only one bot instance is running
2026-05-01 10:31:22: [ERROR] Telegram Polling Error: ETELEGRAM: 409 Conflict: terminated by other getUpdates request; make sure that only one bot instance is running
2026-05-01 10:31:23: [ERROR] Telegram Polling Error: ETELEGRAM: 409 Conflict: terminated by other getUpdates request; make sure that only one bot instance is running
2026-05-01 10:31:23: [ERROR] Telegram Polling Error: ETELEGRAM: 409 Conflict: terminated by other getUpdates request; make sure that only one bot instance is running
2026-05-01 10:31:23: [ERROR] Telegram Polling Error: ETELEGRAM: 409 Conflict: terminated by other getUpdates request; make sure that only one bot instance is running
2026-05-01 10:31:23: [ERROR] Telegram Polling Error: ETELEGRAM: 409 Conflict: terminated by other getUpdates request; make sure that only one bot instance is running
2026-05-01 10:31:23: [ERROR] Telegram Polling Error: ETELEGRAM: 409 Conflict: terminated by other getUpdates request; make sure that only one bot instance is running
2026-05-01 10:31:26: [ERROR] Telegram Polling Error: ETELEGRAM: 409 Conflict: terminated by other getUpdates request; make sure that only one bot instance is running
2026-05-01 10:31:29: [ERROR] Telegram Polling Error: ETELEGRAM: 409 Conflict: terminated by other getUpdates request; make sure that only one bot instance is running
2026-05-01 10:31:29: [ERROR] Telegram Polling Error: ETELEGRAM: 409 Conflict: terminated by other getUpdates request; make sure that only one bot instance is running
2026-05-01 10:31:30: [ERROR] Telegram Polling Error: ETELEGRAM: 409 Conflict: terminated by other getUpdates request; make sure that only one bot instance is running
2026-05-01 10:31:30: [ERROR] Telegram Polling Error: ETELEGRAM: 409 Conflict: terminated by other getUpdates request; make sure that only one bot instance is running
2026-05-01 10:31:30: [ERROR] Telegram Polling Error: ETELEGRAM: 409 Conflict: terminated by other getUpdates request; make sure that only one bot instance is running
2026-05-01 10:31:30: [ERROR] Telegram Polling Error: ETELEGRAM: 409 Conflict: terminated by other getUpdates request; make sure that only one bot instance is running
2026-05-01 10:31:30: [ERROR] Telegram Polling Error: ETELEGRAM: 409 Conflict: terminated by other getUpdates request; make sure that only one bot instance is running
2026-05-01 10:31:30: [ERROR] Telegram Polling Error: ETELEGRAM: 409 Conflict: terminated by other getUpdates request; make sure that only one bot instance is running
2026-05-01 10:31:30: [ERROR] Telegram Polling Error: ETELEGRAM: 409 Conflict: terminated by other getUpdates request; make sure that only one bot instance is running
2026-05-01 10:31:34: [ERROR] Telegram Polling Error: ETELEGRAM: 409 Conflict: terminated by other getUpdates request; make sure that only one bot instance is running
2026-05-01 10:31:37: [ERROR] Telegram Polling Error: ETELEGRAM: 409 Conflict: terminated by other getUpdates request; make sure that only one bot instance is running
2026-05-01 10:31:37: [ERROR] Telegram Polling Error: ETELEGRAM: 409 Conflict: terminated by other getUpdates request; make sure that only one bot instance is running
2026-05-01 10:31:37: [ERROR] Telegram Polling Error: ETELEGRAM: 409 Conflict: terminated by other getUpdates request; make sure that only one bot instance is running
2026-05-01 10:31:37: [ERROR] Telegram Polling Error: ETELEGRAM: 409 Conflict: terminated by other getUpdates request; make sure that only one bot instance is running
2026-05-01 10:31:37: [ERROR] Telegram Polling Error: ETELEGRAM: 409 Conflict: terminated by other getUpdates request; make sure that only one bot instance is running
2026-05-01 10:31:37: [ERROR] Telegram Polling Error: ETELEGRAM: 409 Conflict: terminated by other getUpdates request; make sure that only one bot instance is running
2026-05-01 10:31:37: [ERROR] Telegram Polling Error: ETELEGRAM: 409 Conflict: terminated by other getUpdates request; make sure that only one bot instance is running
2026-05-01 10:31:37: [ERROR] Telegram Polling Error: ETELEGRAM: 409 Conflict: terminated by other getUpdates request; make sure that only one bot instance is running
2026-05-01 10:31:38: [ERROR] Telegram Polling Error: ETELEGRAM: 409 Conflict: terminated by other getUpdates request; make sure that only one bot instance is running
2026-05-01 10:31:41: [ERROR] Telegram Polling Error: ETELEGRAM: 409 Conflict: terminated by other getUpdates request; make sure that only one bot instance is running
2026-05-01 10:31:44: [ERROR] Telegram Polling Error: ETELEGRAM: 409 Conflict: terminated by other getUpdates request; make sure that only one bot instance is running
2026-05-01 10:31:44: [ERROR] Telegram Polling Error: ETELEGRAM: 409 Conflict: terminated by other getUpdates request; make sure that only one bot instance is running
2026-05-01 10:31:45: [ERROR] Telegram Polling Error: ETELEGRAM: 409 Conflict: terminated by other getUpdates request; make sure that only one bot instance is running
2026-05-01 10:31:45: [ERROR] Telegram Polling Error: ETELEGRAM: 409 Conflict: terminated by other getUpdates request; make sure that only one bot instance is running
2026-05-01 10:31:45: [ERROR] Telegram Polling Error: ETELEGRAM: 409 Conflict: terminated by other getUpdates request; make sure that only one bot instance is running
2026-05-01 10:31:45: [ERROR] Telegram Polling Error: ETELEGRAM: 409 Conflict: terminated by other getUpdates request; make sure that only one bot instance is running
2026-05-01 10:31:45: [ERROR] Telegram Polling Error: ETELEGRAM: 409 Conflict: terminated by other getUpdates request; make sure that only one bot instance is running
2026-05-01 10:31:45: [ERROR] Telegram Polling Error: ETELEGRAM: 409 Conflict: terminated by other getUpdates request; make sure that only one bot instance is running
2026-05-01 10:31:45: [ERROR] Telegram Polling Error: ETELEGRAM: 409 Conflict: terminated by other getUpdates request; make sure that only one bot instance is running
2026-05-01 10:31:47: [WARN] ⚠️ Shutting down gracefully...
2026-05-01 10:31:47: [WARN] ⚠️ Shutting down gracefully...
2026-05-01 10:31:47: [WARN] ⚠️ Shutting down gracefully...
2026-05-01 10:31:47: [WARN] ⚠️ Shutting down gracefully...
2026-05-01 10:31:47: [WARN] ⚠️ Shutting down gracefully...
2026-05-01 10:31:47: [WARN] ⚠️ Shutting down gracefully...
2026-05-01 10:31:47: [WARN] ⚠️ Shutting down gracefully...
2026-05-01 10:31:47: [WARN] ⚠️ Shutting down gracefully...
2026-05-01 10:31:47: [WARN] ⚠️ Shutting down gracefully...
2026-05-01 10:31:47: [WARN] ⚠️ Shutting down gracefully...
2026-05-01 10:32:14: [ERROR] Telegram Polling Error: ETELEGRAM: 409 Conflict: terminated by other getUpdates request; make sure that only one bot instance is running
2026-05-01 10:32:18: [ERROR] Telegram Polling Error: ETELEGRAM: 409 Conflict: terminated by other getUpdates request; make sure that only one bot instance is running
2026-05-01 10:32:18: [ERROR] Telegram Polling Error: ETELEGRAM: 409 Conflict: terminated by other getUpdates request; make sure that only one bot instance is running
2026-05-01 10:32:18: [ERROR] Telegram Polling Error: ETELEGRAM: 409 Conflict: terminated by other getUpdates request; make sure that only one bot instance is running
2026-05-01 10:32:18: [ERROR] Telegram Polling Error: ETELEGRAM: 409 Conflict: terminated by other getUpdates request; make sure that only one bot instance is running
2026-05-01 10:32:18: [ERROR] Telegram Polling Error: ETELEGRAM: 409 Conflict: terminated by other getUpdates request; make sure that only one bot instance is running
2026-05-01 10:32:18: [ERROR] Telegram Polling Error: ETELEGRAM: 409 Conflict: terminated by other getUpdates request; make sure that only one bot instance is running
2026-05-01 10:32:18: [ERROR] Telegram Polling Error: ETELEGRAM: 409 Conflict: terminated by other getUpdates request; make sure that only one bot instance is running
2026-05-01 10:32:18: [ERROR] Telegram Polling Error: ETELEGRAM: 409 Conflict: terminated by other getUpdates request; make sure that only one bot instance is running
2026-05-01 10:32:18: [ERROR] Telegram Polling Error: ETELEGRAM: 409 Conflict: terminated by other getUpdates request; make sure that only one bot instance is running
2026-05-01 10:32:21: [WARN] ⚠️ Shutting down gracefully...
2026-05-01 10:32:21: [WARN] ⚠️ Shutting down gracefully...
2026-05-01 10:32:21: [WARN] ⚠️ Shutting down gracefully...
2026-05-01 10:32:21: [WARN] ⚠️ Shutting down gracefully...
2026-05-01 10:32:21: [WARN] ⚠️ Shutting down gracefully...
2026-05-01 10:32:21: [WARN] ⚠️ Shutting down gracefully...
2026-05-01 10:32:21: [WARN] ⚠️ Shutting down gracefully...
2026-05-01 10:32:21: [WARN] ⚠️ Shutting down gracefully...
2026-05-01 10:32:21: [WARN] ⚠️ Shutting down gracefully...
2026-05-01 10:32:21: [WARN] ⚠️ Shutting down gracefully...
2026-05-01 10:42:41: [WARN] ⚠️ Shutting down gracefully...
2026-05-01 10:44:15: [WARN] ⚠️ Shutting down gracefully...
2026-05-04 09:53:23: [ERROR] TradingView Client Error: Client critical error:
2026-05-04 09:53:42: [WARN] ⚠️ Shutting down gracefully...
2026-05-04 09:53:59: ReferenceError: errorReason is not defined
2026-05-04 09:53:59:     at Object.callback (file:///Users/apple/Documents/Project/open-claw/trading-signal-bot/src/services/telegram.js:201:23)
2026-05-04 09:53:59: [ERROR] Unhandled Rejection: ReferenceError: errorReason is not defined
2026-05-04 09:53:59:     at Object.callback (file:///Users/apple/Documents/Project/open-claw/trading-signal-bot/src/services/telegram.js:201:23)
2026-05-04 09:53:59: [ERROR] Unhandled Rejection: ReferenceError: errorReason is not defined
2026-05-04 09:53:59:     at Object.callback (file:///Users/apple/Documents/Project/open-claw/trading-signal-bot/src/services/telegram.js:201:23)
2026-05-04 09:54:46: [WARN] ⚠️ Shutting down gracefully...
2026-05-04 10:00:25: [ERROR] TradingView Client Error: Client critical error:
2026-05-04 10:01:38: [WARN] ⚠️ Shutting down gracefully...
2026-05-04 10:06:19: [ERROR] TradingView Client Error: Client critical error:
2026-05-04 10:12:23: [WARN] ⚠️ Shutting down gracefully...
2026-05-04 10:13:33: [ERROR] TradingView Client Error: Client critical error:
2026-05-04 10:14:58: [WARN] ⚠️ Shutting down gracefully...
2026-05-04 10:17:07: [WARN] ⚠️ Shutting down gracefully...
2026-05-04 10:19:44: [WARN] ⚠️ Shutting down gracefully...
2026-05-04 10:22:48: [WARN] ⚠️ Shutting down gracefully...
2026-05-04 10:23:26: [ERROR] TradingView Client Error: Client critical error:
2026-05-04 10:25:24: [ERROR] TradingView Client Error: Client critical error:
2026-05-04 11:00:25: [ERROR] TradingView Client Error: Client critical error:
2026-05-04 11:00:26: [ERROR] Screener gagal untuk PTRO: Sistem sedang memulihkan koneksi ke TradingView. Mohon tunggu 14 detik.
2026-05-04 11:00:26: TypeError: Cannot read properties of undefined (reading 'sendMessage')
2026-05-04 11:00:26:     at runScreener (file:///Users/apple/Documents/Project/open-claw/trading-signal-bot/src/services/screener.js:124:15)
2026-05-04 11:00:26: [ERROR] Unhandled Rejection: TypeError: Cannot read properties of undefined (reading 'sendMessage')
2026-05-04 11:00:26:     at runScreener (file:///Users/apple/Documents/Project/open-claw/trading-signal-bot/src/services/screener.js:124:15)
2026-05-04 11:00:26: [ERROR] Unhandled Rejection: TypeError: Cannot read properties of undefined (reading 'sendMessage')
2026-05-04 11:00:26:     at runScreener (file:///Users/apple/Documents/Project/open-claw/trading-signal-bot/src/services/screener.js:124:15)
2026-05-04 11:17:13: [WARN] ⚠️ Shutting down gracefully...
2026-05-04 11:42:08: [ERROR] Telegram Polling Error: ETELEGRAM: 409 Conflict: terminated by other getUpdates request; make sure that only one bot instance is running
2026-05-04 11:42:17: [ERROR] Telegram Polling Error: ETELEGRAM: 409 Conflict: terminated by other getUpdates request; make sure that only one bot instance is running
2026-05-04 11:42:26: [ERROR] Telegram Polling Error: ETELEGRAM: 409 Conflict: terminated by other getUpdates request; make sure that only one bot instance is running
2026-05-04 11:42:35: [ERROR] Telegram Polling Error: ETELEGRAM: 409 Conflict: terminated by other getUpdates request; make sure that only one bot instance is running
2026-05-04 11:42:47: [WARN] ⚠️ Shutting down gracefully...
2026-05-04 11:44:45: [WARN] ⚠️ Shutting down gracefully...
2026-05-04 11:59:29: [WARN] ⚠️ Shutting down gracefully...
