2026-05-01 10:29:44: [INFO] 🚀 Zenith AI v4.5: Powering up...
2026-05-01 10:29:44: [INFO] 🚀 Zenith AI v4.5: Powering up...
2026-05-01 10:29:44: [INFO] 🚀 Zenith AI v4.5: Powering up...
2026-05-01 10:29:44: [INFO] 🚀 Zenith AI v4.5: Powering up...
2026-05-01 10:29:44: [INFO] 🚀 Zenith AI v4.5: Powering up...
2026-05-01 10:29:44: [SUCCESS] ✅ ✅ Configuration Validated.
2026-05-01 10:29:44: [INFO] Tabel Watchlist, User Settings, Signal History, & AI Cache siap.
2026-05-01 10:29:44: [INFO] Telegram Service Initialized (Polling: true)
2026-05-01 10:29:44: [INFO] Auto-Screener Service Initialized (Dynamic Database Mode)
2026-05-01 10:29:44: [SUCCESS] ✅ Bot is live with Dynamic Watchlist support!
2026-05-01 10:29:44: [INFO] Terhubung ke database SQLite.
2026-05-01 10:29:44: [SUCCESS] ✅ ✅ Configuration Validated.
2026-05-01 10:29:44: [INFO] Tabel Watchlist, User Settings, Signal History, & AI Cache siap.
2026-05-01 10:29:44: [INFO] Telegram Service Initialized (Polling: true)
2026-05-01 10:29:44: [INFO] Auto-Screener Service Initialized (Dynamic Database Mode)
2026-05-01 10:29:44: [SUCCESS] ✅ Bot is live with Dynamic Watchlist support!
2026-05-01 10:29:44: [INFO] Terhubung ke database SQLite.
2026-05-01 10:29:44: [SUCCESS] ✅ ✅ Configuration Validated.
2026-05-01 10:29:44: [INFO] Tabel Watchlist, User Settings, Signal History, & AI Cache siap.
2026-05-01 10:29:44: [INFO] Telegram Service Initialized (Polling: true)
2026-05-01 10:29:44: [INFO] Auto-Screener Service Initialized (Dynamic Database Mode)
2026-05-01 10:29:44: [SUCCESS] ✅ Bot is live with Dynamic Watchlist support!
2026-05-01 10:29:44: [INFO] Terhubung ke database SQLite.
2026-05-01 10:29:44: [SUCCESS] ✅ ✅ Configuration Validated.
2026-05-01 10:29:44: [INFO] Tabel Watchlist, User Settings, Signal History, & AI Cache siap.
2026-05-01 10:29:44: [INFO] Telegram Service Initialized (Polling: true)
2026-05-01 10:29:44: [INFO] Auto-Screener Service Initialized (Dynamic Database Mode)
2026-05-01 10:29:44: [SUCCESS] ✅ Bot is live with Dynamic Watchlist support!
2026-05-01 10:29:44: [INFO] Terhubung ke database SQLite.
2026-05-01 10:29:44: [SUCCESS] ✅ ✅ Configuration Validated.
2026-05-01 10:29:44: [INFO] Tabel Watchlist, User Settings, Signal History, & AI Cache siap.
2026-05-01 10:29:44: [INFO] Telegram Service Initialized (Polling: true)
2026-05-01 10:29:44: [INFO] Auto-Screener Service Initialized (Dynamic Database Mode)
2026-05-01 10:29:44: [SUCCESS] ✅ Bot is live with Dynamic Watchlist support!
2026-05-01 10:29:44: [INFO] Terhubung ke database SQLite.
2026-05-01 10:29:44: [INFO] 🚀 Zenith AI v4.5: Powering up...
2026-05-01 10:29:44: [INFO] 🚀 Zenith AI v4.5: Powering up...
2026-05-01 10:29:44: [SUCCESS] ✅ ✅ Configuration Validated.
2026-05-01 10:29:44: [INFO] Tabel Watchlist, User Settings, Signal History, & AI Cache siap.
2026-05-01 10:29:44: [INFO] Telegram Service Initialized (Polling: true)
2026-05-01 10:29:44: [INFO] Auto-Screener Service Initialized (Dynamic Database Mode)
2026-05-01 10:29:44: [SUCCESS] ✅ Bot is live with Dynamic Watchlist support!
2026-05-01 10:29:44: [INFO] Terhubung ke database SQLite.
2026-05-01 10:29:44: [INFO] 🚀 Zenith AI v4.5: Powering up...
2026-05-01 10:29:44: [SUCCESS] ✅ ✅ Configuration Validated.
2026-05-01 10:29:44: [INFO] Tabel Watchlist, User Settings, Signal History, & AI Cache siap.
2026-05-01 10:29:44: [INFO] Telegram Service Initialized (Polling: true)
2026-05-01 10:29:44: [INFO] Auto-Screener Service Initialized (Dynamic Database Mode)
2026-05-01 10:29:44: [SUCCESS] ✅ Bot is live with Dynamic Watchlist support!
2026-05-01 10:29:44: [INFO] Terhubung ke database SQLite.
2026-05-01 10:29:44: [SUCCESS] ✅ ✅ Configuration Validated.
2026-05-01 10:29:44: [INFO] Tabel Watchlist, User Settings, Signal History, & AI Cache siap.
2026-05-01 10:29:44: [INFO] Telegram Service Initialized (Polling: true)
2026-05-01 10:29:44: [INFO] Auto-Screener Service Initialized (Dynamic Database Mode)
2026-05-01 10:29:44: [SUCCESS] ✅ Bot is live with Dynamic Watchlist support!
2026-05-01 10:29:44: [INFO] Terhubung ke database SQLite.
2026-05-01 10:29:44: [INFO] 🚀 Zenith AI v4.5: Powering up...
2026-05-01 10:29:44: [INFO] 🚀 Zenith AI v4.5: Powering up...
2026-05-01 10:29:44: [SUCCESS] ✅ ✅ Configuration Validated.
2026-05-01 10:29:44: [INFO] Tabel Watchlist, User Settings, Signal History, & AI Cache siap.
2026-05-01 10:29:44: [INFO] Telegram Service Initialized (Polling: true)
2026-05-01 10:29:44: [INFO] Auto-Screener Service Initialized (Dynamic Database Mode)
2026-05-01 10:29:44: [SUCCESS] ✅ Bot is live with Dynamic Watchlist support!
2026-05-01 10:29:44: [INFO] Terhubung ke database SQLite.
2026-05-01 10:29:44: [SUCCESS] ✅ ✅ Configuration Validated.
2026-05-01 10:29:44: [INFO] Tabel Watchlist, User Settings, Signal History, & AI Cache siap.
2026-05-01 10:29:44: [INFO] Telegram Service Initialized (Polling: true)
2026-05-01 10:29:44: [INFO] Auto-Screener Service Initialized (Dynamic Database Mode)
2026-05-01 10:29:44: [SUCCESS] ✅ Bot is live with Dynamic Watchlist support!
2026-05-01 10:29:44: [INFO] Terhubung ke database SQLite.
2026-05-01 10:29:45: [INFO] Telegram Command Menu updated.
2026-05-01 10:29:45: [INFO] Telegram Command Menu updated.
2026-05-01 10:29:45: [INFO] Telegram Command Menu updated.
2026-05-01 10:29:46: [INFO] Telegram Command Menu updated.
2026-05-01 10:29:46: [INFO] Telegram Command Menu updated.
2026-05-01 10:29:46: [INFO] Telegram Command Menu updated.
2026-05-01 10:29:46: [INFO] Telegram Command Menu updated.
2026-05-01 10:29:46: [INFO] Telegram Command Menu updated.
2026-05-01 10:29:46: [INFO] Telegram Command Menu updated.
2026-05-01 10:29:46: [INFO] Telegram Command Menu updated.
2026-05-01 10:32:10: [INFO] 🚀 Zenith AI v4.5: Powering up...
2026-05-01 10:32:10: [INFO] 🚀 Zenith AI v4.5: Powering up...
2026-05-01 10:32:10: [INFO] 🚀 Zenith AI v4.5: Powering up...
2026-05-01 10:32:10: [INFO] 🚀 Zenith AI v4.5: Powering up...
2026-05-01 10:32:10: [INFO] 🚀 Zenith AI v4.5: Powering up...
2026-05-01 10:32:10: [SUCCESS] ✅ ✅ Configuration Validated.
2026-05-01 10:32:10: [INFO] Tabel Watchlist, User Settings, Signal History, & AI Cache siap.
2026-05-01 10:32:10: [INFO] Telegram Service Initialized (Polling: true)
2026-05-01 10:32:10: [INFO] Auto-Screener Service Initialized (Dynamic Database Mode)
2026-05-01 10:32:10: [SUCCESS] ✅ Bot is live with Dynamic Watchlist support!
2026-05-01 10:32:10: [INFO] Terhubung ke database SQLite.
2026-05-01 10:32:10: [SUCCESS] ✅ ✅ Configuration Validated.
2026-05-01 10:32:10: [INFO] Tabel Watchlist, User Settings, Signal History, & AI Cache siap.
2026-05-01 10:32:10: [INFO] Telegram Service Initialized (Polling: true)
2026-05-01 10:32:10: [INFO] Auto-Screener Service Initialized (Dynamic Database Mode)
2026-05-01 10:32:10: [SUCCESS] ✅ Bot is live with Dynamic Watchlist support!
2026-05-01 10:32:10: [INFO] Terhubung ke database SQLite.
2026-05-01 10:32:10: [SUCCESS] ✅ ✅ Configuration Validated.
2026-05-01 10:32:10: [INFO] Tabel Watchlist, User Settings, Signal History, & AI Cache siap.
2026-05-01 10:32:10: [INFO] Telegram Service Initialized (Polling: true)
2026-05-01 10:32:10: [INFO] Auto-Screener Service Initialized (Dynamic Database Mode)
2026-05-01 10:32:10: [SUCCESS] ✅ Bot is live with Dynamic Watchlist support!
2026-05-01 10:32:10: [INFO] Terhubung ke database SQLite.
2026-05-01 10:32:10: [SUCCESS] ✅ ✅ Configuration Validated.
2026-05-01 10:32:10: [INFO] Tabel Watchlist, User Settings, Signal History, & AI Cache siap.
2026-05-01 10:32:10: [INFO] Telegram Service Initialized (Polling: true)
2026-05-01 10:32:10: [INFO] Auto-Screener Service Initialized (Dynamic Database Mode)
2026-05-01 10:32:10: [SUCCESS] ✅ Bot is live with Dynamic Watchlist support!
2026-05-01 10:32:10: [INFO] Terhubung ke database SQLite.
2026-05-01 10:32:10: [SUCCESS] ✅ ✅ Configuration Validated.
2026-05-01 10:32:10: [INFO] Tabel Watchlist, User Settings, Signal History, & AI Cache siap.
2026-05-01 10:32:10: [INFO] Telegram Service Initialized (Polling: true)
2026-05-01 10:32:10: [INFO] Auto-Screener Service Initialized (Dynamic Database Mode)
2026-05-01 10:32:10: [SUCCESS] ✅ Bot is live with Dynamic Watchlist support!
2026-05-01 10:32:10: [INFO] Terhubung ke database SQLite.
2026-05-01 10:32:10: [INFO] 🚀 Zenith AI v4.5: Powering up...
2026-05-01 10:32:10: [INFO] 🚀 Zenith AI v4.5: Powering up...
2026-05-01 10:32:10: [SUCCESS] ✅ ✅ Configuration Validated.
2026-05-01 10:32:10: [INFO] Tabel Watchlist, User Settings, Signal History, & AI Cache siap.
2026-05-01 10:32:10: [INFO] Telegram Service Initialized (Polling: true)
2026-05-01 10:32:10: [INFO] Auto-Screener Service Initialized (Dynamic Database Mode)
2026-05-01 10:32:10: [SUCCESS] ✅ Bot is live with Dynamic Watchlist support!
2026-05-01 10:32:10: [INFO] Terhubung ke database SQLite.
2026-05-01 10:32:10: [SUCCESS] ✅ ✅ Configuration Validated.
2026-05-01 10:32:10: [INFO] Tabel Watchlist, User Settings, Signal History, & AI Cache siap.
2026-05-01 10:32:10: [INFO] Telegram Service Initialized (Polling: true)
2026-05-01 10:32:10: [INFO] Auto-Screener Service Initialized (Dynamic Database Mode)
2026-05-01 10:32:10: [SUCCESS] ✅ Bot is live with Dynamic Watchlist support!
2026-05-01 10:32:10: [INFO] Terhubung ke database SQLite.
2026-05-01 10:32:10: [INFO] 🚀 Zenith AI v4.5: Powering up...
2026-05-01 10:32:10: [INFO] 🚀 Zenith AI v4.5: Powering up...
2026-05-01 10:32:10: [SUCCESS] ✅ ✅ Configuration Validated.
2026-05-01 10:32:10: [INFO] Tabel Watchlist, User Settings, Signal History, & AI Cache siap.
2026-05-01 10:32:10: [INFO] Telegram Service Initialized (Polling: true)
2026-05-01 10:32:10: [INFO] Auto-Screener Service Initialized (Dynamic Database Mode)
2026-05-01 10:32:10: [SUCCESS] ✅ Bot is live with Dynamic Watchlist support!
2026-05-01 10:32:10: [INFO] Terhubung ke database SQLite.
2026-05-01 10:32:10: [SUCCESS] ✅ ✅ Configuration Validated.
2026-05-01 10:32:10: [INFO] Tabel Watchlist, User Settings, Signal History, & AI Cache siap.
2026-05-01 10:32:10: [INFO] Telegram Service Initialized (Polling: true)
2026-05-01 10:32:10: [INFO] Auto-Screener Service Initialized (Dynamic Database Mode)
2026-05-01 10:32:10: [SUCCESS] ✅ Bot is live with Dynamic Watchlist support!
2026-05-01 10:32:10: [INFO] Terhubung ke database SQLite.
2026-05-01 10:32:10: [INFO] 🚀 Zenith AI v4.5: Powering up...
2026-05-01 10:32:10: [SUCCESS] ✅ ✅ Configuration Validated.
2026-05-01 10:32:10: [INFO] Tabel Watchlist, User Settings, Signal History, & AI Cache siap.
2026-05-01 10:32:10: [INFO] Telegram Service Initialized (Polling: true)
2026-05-01 10:32:10: [INFO] Auto-Screener Service Initialized (Dynamic Database Mode)
2026-05-01 10:32:10: [SUCCESS] ✅ Bot is live with Dynamic Watchlist support!
2026-05-01 10:32:10: [INFO] Terhubung ke database SQLite.
2026-05-01 10:32:10: [INFO] Telegram Command Menu updated.
2026-05-01 10:32:11: [INFO] Telegram Command Menu updated.
2026-05-01 10:32:11: [INFO] Telegram Command Menu updated.
2026-05-01 10:32:11: [INFO] Telegram Command Menu updated.
2026-05-01 10:32:11: [INFO] Telegram Command Menu updated.
2026-05-01 10:32:11: [INFO] Telegram Command Menu updated.
2026-05-01 10:32:11: [INFO] Telegram Command Menu updated.
2026-05-01 10:32:11: [INFO] Telegram Command Menu updated.
2026-05-01 10:32:11: [INFO] Telegram Command Menu updated.
2026-05-01 10:32:12: [INFO] Telegram Command Menu updated.
2026-05-01 10:32:28: [INFO] 🚀 Zenith AI v4.5: Powering up...
2026-05-01 10:32:28: [SUCCESS] ✅ ✅ Configuration Validated.
2026-05-01 10:32:28: [INFO] Tabel Watchlist, User Settings, Signal History, & AI Cache siap.
2026-05-01 10:32:28: [INFO] Telegram Service Initialized (Polling: true)
2026-05-01 10:32:28: [INFO] Auto-Screener Service Initialized (Dynamic Database Mode)
2026-05-01 10:32:28: [SUCCESS] ✅ Bot is live with Dynamic Watchlist support!
2026-05-01 10:32:28: [INFO] Terhubung ke database SQLite.
2026-05-01 10:32:29: [INFO] Telegram Command Menu updated.
2026-05-01 10:42:41: [INFO] 🚀 Zenith AI v4.5: Powering up...
2026-05-01 10:42:41: [SUCCESS] ✅ ✅ Configuration Validated.
2026-05-01 10:42:41: [INFO] Tabel Watchlist, User Settings, Signal History, & AI Cache siap.
2026-05-01 10:42:41: [INFO] Telegram Service Initialized (Polling: true)
2026-05-01 10:42:41: [INFO] Auto-Screener Service Initialized (Dynamic Database Mode)
2026-05-01 10:42:41: [SUCCESS] ✅ Bot is live with Dynamic Watchlist support!
2026-05-01 10:42:41: [INFO] Terhubung ke database SQLite.
2026-05-01 10:42:42: [INFO] Telegram Command Menu updated.
